695.775: [GC 695.776: [ParNew: 130944K->0K(131008K), 0.0174100 secs] 432961K->302710K(786368K), 0.0175930 secs]
697.323: [GC [1 CMS-initial-mark: 302710K(655360K)] 348624K(786368K), 0.1140530 secs]
697.438: [CMS-concurrent-mark-start]
699.494: [GC 699.494: [ParNew: 130944K->0K(131008K), 0.0115290 secs] 433654K->303891K(786368K), 0.0116990 secs]
701.381: [CMS-concurrent-mark: 1.204/3.944 secs]
701.381: [CMS-concurrent-preclean-start]
701.382: [CMS-concurrent-preclean: 0.000/0.000 secs]
701.420: [CMS-concurrent-abortable-preclean-start]
701.420: [CMS-concurrent-abortable-preclean: 0.000/0.000 secs]
703.302: [GC 703.302: [ParNew: 130944K->0K(131008K), 0.0161480 secs] 434835K->305889K(786368K), 0.0163490 secs]
705.202: [GC[YG occupancy: 68582 K (131008 K)]705.202: [Rescan (parallel) , 0.1094800 secs]705.312: [weak refs processing, 0.0446420 secs] [1 CMS-remark: 305889K(655360K)] 374472K(786368K), 0.1543650 secs]
705.360: [CMS-concurrent-sweep-start]
705.644: [CMS-concurrent-sweep: 0.284/0.284 secs]
705.644: [CMS-concurrent-reset-start]
705.654: [CMS-concurrent-reset: 0.010/0.010 secs]
706.985: [GC 706.985: [ParNew: 130924K->0K(131008K), 0.0193060 secs] 432106K->302870K(786368K), 0.0195480 secs]
708.540: [GC [1 CMS-initial-mark: 302870K(655360K)] 350092K(786368K), 0.1140590 secs]
708.654: [CMS-concurrent-mark-start]
710.647: [GC 710.647: [ParNew: 130944K->0K(131008K), 0.0081390 secs] 433814K->303960K(786368K), 0.0083430 secs]
712.560: [CMS-concurrent-mark: 1.314/3.906 secs]
712.560: [CMS-concurrent-preclean-start]
712.560: [CMS-concurrent-preclean: 0.000/0.000 secs]
712.615: [CMS-concurrent-abortable-preclean-start]
712.615: [CMS-concurrent-abortable-preclean: 0.000/0.000 secs]
713.567: [GC 713.567: [ParNew: 130944K->0K(131008K), 0.0104890 secs] 434904K->305163K(786368K), 0.0107090 secs]
715.109: [GC[YG occupancy: 68948 K (131008 K)]715.109: [Rescan (parallel) , 0.0884690 secs]715.198: [weak refs processing, 0.0441790 secs] [1 CMS-remark: 305163K(655360K)] 374111K(786368K), 0.1329350 secs]
715.243: [CMS-concurrent-sweep-start]
715.445: [CMS-concurrent-sweep: 0.203/0.203 secs]
715.445: [CMS-concurrent-reset-start]
715.454: [CMS-concurrent-reset: 0.009/0.009 secs]
